============================= test session starts =============================
platform win32 -- Python 3.11.14, pytest-9.0.2, pluggy-1.6.0
rootdir: G:\colour-checker-detection
configfile: pyproject.toml
plugins: anyio-4.12.0, cov-6.3.0, xdist-3.8.0
collected 39 items

colour_checker_detection\detection\templates\tests\test_templates.py ... [  7%]
                                                                         [  7%]
colour_checker_detection\detection\tests\test_common.py ...............  [ 46%]
colour_checker_detection\tests\test_calibrator.py ..                     [ 51%]
